hahaha
abababab
----------

x
Sergio con 23 años
pi = 3.14
activo: true
null: null
[1, 2, 3, 4]
[0, 1, 2, 3, 4]
[99]
12
15
3
{jamon: 15, queso: 8, pan: 3}
[1, null, 3]
1
null
[1, null, 3, null, 4]
5
-1
1
[20, 20, 60]
[20, 20, 60, 99, 100]
5
[1, 2, 4, 5, 8]
[8, 5, 4, 2, 1]
[apple, banana, cherry, mango]
[mango, cherry, banana, apple]
