── 1. case methods ──
OK
── 2. trim ──
OK
── 3. startsWith / endsWith ──
OK
── 4. indexOf ──
OK
── 5. charAt / str[i] ──
OK
── 6. replace (first only) vs replaceAll ──
OK
── 7. substring ──
OK
── 8. split ──
OK
── 9. includes / contains ──
OK
── 10. chaining ──
OK
── 11. string interpolation con str[i] ──
OK

══════════════════════════════════════
  STRING METHODS ✓
══════════════════════════════════════
